certificates: null
era: Shelley
fee: 32 Lovelace
inputs:
- fe5dd07fb576bff960d6e066eade5b26cdb5afebe29f76ea58d0a098bce5d891#29
metadata: null
outputs:
- address: addr_test1vz7w0r9epak6nmnh3mc8e2ypkjyu8zsc3xf7dpct6k577acxmcfyv
  address era: Shelley
  amount: 31 Lovelace
  network: Testnet
  payment credential:
    key hash: bce78cb90f6da9ee778ef07ca881b489c38a188993e6870bd5a9ef77
  stake reference: null
time to live: 33
update proposal:
  epoch: 31337
  updates:
  - genesis key hash: a2512fa96a5f51d7aa8b8558669561fdd905f505ad7e0f4047b15c9e
    update:
      decentralization: 31343/100000
      extra Praos entropy: ee32869218e317d16b9cba9e8f0737e23a6c9328e71068f161e5cc3cf54c45be
      fixed transaction fee: 31335
      max block body size: 31342
      max block header size: 31341
      max pool retire epoch: 31329
      max transaction size: 31336
      min UTxO value: 31333 Lovelace
      min pool cost: 31330 Lovelace
      monetary expansion: 31323/100000
      pool pledge influence: 31327/1000
      protocol version: '31338.31339'
      stake address deposit: 31332 Lovelace
      stake pool deposit: 31331 Lovelace
      stake pool target number: 31328
      transaction fee per byte: 31334
      treasury cut: 31321/100000
withdrawals:
- address: stake_test1up00fz9lyqs5sjks82k22eqz7a9srym9vysjgp3h2ua2v2cm522kg
  amount: 42 Lovelace
  credential:
    key hash: 5ef488bf2021484ad03aaca56402f74b0193656121240637573aa62b
  network: Testnet
